CCS PCM C Compiler, Version 5.026, 18875               03-dec-17 17:53

               Filename:   C:\Users\User\Google Drev\DTU Elektro\5. semester\Digital Instrumentering\30021_project\DTULidar\Sensor Test\main.lst

               ROM used:   1654 words (21%)
                           Largest free fragment is 2048
               RAM used:   10 (3%) at main() level
                           37 (10%) worst case
               Stack used: 2 locations
               Stack size: 7

*
0000:  NOP
0001:  MOVLW  06
0002:  MOVWF  0A
0003:  GOTO   60C
.................... #include <main.h> 
.................... #include <16F887.h> 
.................... //////////// Standard Header file for the PIC16F887 device //////////////// 
.................... /////////////////////////////////////////////////////////////////////////// 
.................... ////        (C) Copyright 1996, 2014 Custom Computer Services          //// 
.................... //// This source code may only be used by licensed users of the CCS C  //// 
.................... //// compiler.  This source code may only be distributed to other      //// 
.................... //// licensed users of the CCS C compiler.  No other use, reproduction //// 
.................... //// or distribution is permitted without written permission.          //// 
.................... //// Derivative programs created using this software in object code    //// 
.................... //// form are not restricted in any way.                               //// 
.................... /////////////////////////////////////////////////////////////////////////// 
.................... #device PIC16F887 
0004:  DATA CC,37
0005:  DATA EE,33
0006:  DATA 20,39
0007:  DATA 61,37
0008:  DATA E7,32
0009:  DATA 20,39
000A:  DATA E5,30
000B:  DATA 64,1D
000C:  DATA A0,12
000D:  DATA E6,04
000E:  DATA 00,00
000F:  DATA 53,34
0010:  DATA 6F,39
0011:  DATA 74,10
0012:  DATA F2,30
0013:  DATA EE,33
0014:  DATA 65,10
0015:  DATA F2,32
0016:  DATA 61,32
0017:  DATA 3A,10
0018:  DATA 25,33
0019:  DATA 0A,00
*
0063:  MOVLW  8E
0064:  MOVWF  77
0065:  MOVF   2D,W
0066:  MOVWF  78
0067:  MOVF   2C,W
0068:  MOVWF  79
0069:  CLRF   7A
006A:  MOVF   78,F
006B:  BTFSS  03.2
006C:  GOTO   077
006D:  MOVF   79,W
006E:  MOVWF  78
006F:  CLRF   79
0070:  MOVLW  08
0071:  SUBWF  77,F
0072:  MOVF   78,F
0073:  BTFSS  03.2
0074:  GOTO   077
0075:  CLRF   77
0076:  GOTO   07F
0077:  BCF    03.0
0078:  BTFSC  78.7
0079:  GOTO   07E
007A:  RLF    79,F
007B:  RLF    78,F
007C:  DECF   77,F
007D:  GOTO   077
007E:  BCF    78.7
007F:  RETURN
0080:  MOVF   32,W
0081:  BTFSC  03.2
0082:  GOTO   0F0
0083:  MOVWF  3A
0084:  MOVF   36,W
0085:  BTFSC  03.2
0086:  GOTO   0F0
0087:  ADDWF  3A,F
0088:  BTFSC  03.0
0089:  GOTO   091
008A:  MOVLW  7F
008B:  SUBWF  3A,F
008C:  BTFSS  03.0
008D:  GOTO   0F0
008E:  BTFSC  03.2
008F:  GOTO   0F0
0090:  GOTO   095
0091:  MOVLW  81
0092:  ADDWF  3A,F
0093:  BTFSC  03.0
0094:  GOTO   0F0
0095:  MOVF   3A,W
0096:  MOVWF  77
0097:  CLRF   78
0098:  CLRF   79
0099:  CLRF   7A
009A:  MOVF   33,W
009B:  MOVWF  3E
009C:  BSF    3E.7
009D:  MOVF   34,W
009E:  MOVWF  3D
009F:  MOVF   35,W
00A0:  MOVWF  3C
00A1:  MOVLW  18
00A2:  MOVWF  3A
00A3:  CLRF   3B
00A4:  BTFSS  3C.0
00A5:  GOTO   0BE
00A6:  MOVF   39,W
00A7:  ADDWF  7A,F
00A8:  BTFSS  03.0
00A9:  GOTO   0B0
00AA:  INCF   79,F
00AB:  BTFSS  03.2
00AC:  GOTO   0B0
00AD:  INCF   78,F
00AE:  BTFSC  03.2
00AF:  BSF    3B.7
00B0:  MOVF   38,W
00B1:  ADDWF  79,F
00B2:  BTFSS  03.0
00B3:  GOTO   0B7
00B4:  INCF   78,F
00B5:  BTFSC  03.2
00B6:  BSF    3B.7
00B7:  MOVF   37,W
00B8:  MOVWF  34
00B9:  BSF    34.7
00BA:  MOVF   34,W
00BB:  ADDWF  78,F
00BC:  BTFSC  03.0
00BD:  BSF    3B.7
00BE:  RLF    3B,F
00BF:  RRF    78,F
00C0:  RRF    79,F
00C1:  RRF    7A,F
00C2:  RRF    3E,F
00C3:  RRF    3D,F
00C4:  RRF    3C,F
00C5:  BCF    03.0
00C6:  DECFSZ 3A,F
00C7:  GOTO   0A3
00C8:  MOVLW  01
00C9:  ADDWF  77,F
00CA:  BTFSC  03.0
00CB:  GOTO   0F0
00CC:  BTFSC  78.7
00CD:  GOTO   0D5
00CE:  RLF    3E,F
00CF:  RLF    7A,F
00D0:  RLF    79,F
00D1:  RLF    78,F
00D2:  DECF   77,F
00D3:  BTFSC  03.2
00D4:  GOTO   0F0
00D5:  BTFSS  3E.7
00D6:  GOTO   0E6
00D7:  INCF   7A,F
00D8:  BTFSS  03.2
00D9:  GOTO   0E6
00DA:  INCF   79,F
00DB:  BTFSS  03.2
00DC:  GOTO   0E6
00DD:  INCF   78,F
00DE:  BTFSS  03.2
00DF:  GOTO   0E6
00E0:  RRF    78,F
00E1:  RRF    79,F
00E2:  RRF    7A,F
00E3:  INCF   77,F
00E4:  BTFSC  03.2
00E5:  GOTO   0F0
00E6:  MOVF   33,W
00E7:  MOVWF  3B
00E8:  MOVF   37,W
00E9:  XORWF  3B,F
00EA:  BTFSS  3B.7
00EB:  GOTO   0EE
00EC:  BSF    78.7
00ED:  GOTO   0F4
00EE:  BCF    78.7
00EF:  GOTO   0F4
00F0:  CLRF   77
00F1:  CLRF   78
00F2:  CLRF   79
00F3:  CLRF   7A
00F4:  RETURN
00F5:  MOVF   30,W
00F6:  BTFSC  03.2
00F7:  GOTO   1BA
00F8:  MOVWF  3C
00F9:  MOVF   34,W
00FA:  BTFSC  03.2
00FB:  GOTO   1BA
00FC:  SUBWF  3C,F
00FD:  BTFSS  03.0
00FE:  GOTO   104
00FF:  MOVLW  7F
0100:  ADDWF  3C,F
0101:  BTFSC  03.0
0102:  GOTO   1BA
0103:  GOTO   10A
0104:  MOVLW  81
0105:  SUBWF  3C,F
0106:  BTFSS  03.0
0107:  GOTO   1BA
0108:  BTFSC  03.2
0109:  GOTO   1BA
010A:  MOVF   3C,W
010B:  MOVWF  77
010C:  CLRF   78
010D:  CLRF   79
010E:  CLRF   7A
010F:  CLRF   3B
0110:  MOVF   31,W
0111:  MOVWF  3A
0112:  BSF    3A.7
0113:  MOVF   32,W
0114:  MOVWF  39
0115:  MOVF   33,W
0116:  MOVWF  38
0117:  MOVLW  19
0118:  MOVWF  3C
0119:  MOVF   37,W
011A:  SUBWF  38,F
011B:  BTFSC  03.0
011C:  GOTO   12D
011D:  MOVLW  01
011E:  SUBWF  39,F
011F:  BTFSC  03.0
0120:  GOTO   12D
0121:  SUBWF  3A,F
0122:  BTFSC  03.0
0123:  GOTO   12D
0124:  SUBWF  3B,F
0125:  BTFSC  03.0
0126:  GOTO   12D
0127:  INCF   3B,F
0128:  INCF   3A,F
0129:  INCF   39,F
012A:  MOVF   37,W
012B:  ADDWF  38,F
012C:  GOTO   15F
012D:  MOVF   36,W
012E:  SUBWF  39,F
012F:  BTFSC  03.0
0130:  GOTO   148
0131:  MOVLW  01
0132:  SUBWF  3A,F
0133:  BTFSC  03.0
0134:  GOTO   148
0135:  SUBWF  3B,F
0136:  BTFSC  03.0
0137:  GOTO   148
0138:  INCF   3B,F
0139:  INCF   3A,F
013A:  MOVF   36,W
013B:  ADDWF  39,F
013C:  MOVF   37,W
013D:  ADDWF  38,F
013E:  BTFSS  03.0
013F:  GOTO   15F
0140:  INCF   39,F
0141:  BTFSS  03.2
0142:  GOTO   15F
0143:  INCF   3A,F
0144:  BTFSS  03.2
0145:  GOTO   15F
0146:  INCF   3B,F
0147:  GOTO   15F
0148:  MOVF   35,W
0149:  IORLW  80
014A:  SUBWF  3A,F
014B:  BTFSC  03.0
014C:  GOTO   15E
014D:  MOVLW  01
014E:  SUBWF  3B,F
014F:  BTFSC  03.0
0150:  GOTO   15E
0151:  INCF   3B,F
0152:  MOVF   35,W
0153:  IORLW  80
0154:  ADDWF  3A,F
0155:  MOVF   36,W
0156:  ADDWF  39,F
0157:  BTFSS  03.0
0158:  GOTO   13C
0159:  INCF   3A,F
015A:  BTFSS  03.2
015B:  GOTO   13C
015C:  INCF   3B,F
015D:  GOTO   13C
015E:  BSF    7A.0
015F:  DECFSZ 3C,F
0160:  GOTO   162
0161:  GOTO   16D
0162:  BCF    03.0
0163:  RLF    38,F
0164:  RLF    39,F
0165:  RLF    3A,F
0166:  RLF    3B,F
0167:  BCF    03.0
0168:  RLF    7A,F
0169:  RLF    79,F
016A:  RLF    78,F
016B:  RLF    3D,F
016C:  GOTO   119
016D:  BTFSS  3D.0
016E:  GOTO   175
016F:  BCF    03.0
0170:  RRF    78,F
0171:  RRF    79,F
0172:  RRF    7A,F
0173:  RRF    3D,F
0174:  GOTO   178
0175:  DECF   77,F
0176:  BTFSC  03.2
0177:  GOTO   1BA
0178:  BTFSC  3D.7
0179:  GOTO   1A1
017A:  BCF    03.0
017B:  RLF    38,F
017C:  RLF    39,F
017D:  RLF    3A,F
017E:  RLF    3B,F
017F:  MOVF   37,W
0180:  SUBWF  38,F
0181:  BTFSC  03.0
0182:  GOTO   18D
0183:  MOVLW  01
0184:  SUBWF  39,F
0185:  BTFSC  03.0
0186:  GOTO   18D
0187:  SUBWF  3A,F
0188:  BTFSC  03.0
0189:  GOTO   18D
018A:  SUBWF  3B,F
018B:  BTFSS  03.0
018C:  GOTO   1B0
018D:  MOVF   36,W
018E:  SUBWF  39,F
018F:  BTFSC  03.0
0190:  GOTO   198
0191:  MOVLW  01
0192:  SUBWF  3A,F
0193:  BTFSC  03.0
0194:  GOTO   198
0195:  SUBWF  3B,F
0196:  BTFSS  03.0
0197:  GOTO   1B0
0198:  MOVF   35,W
0199:  IORLW  80
019A:  SUBWF  3A,F
019B:  BTFSC  03.0
019C:  GOTO   1A1
019D:  MOVLW  01
019E:  SUBWF  3B,F
019F:  BTFSS  03.0
01A0:  GOTO   1B0
01A1:  INCF   7A,F
01A2:  BTFSS  03.2
01A3:  GOTO   1B0
01A4:  INCF   79,F
01A5:  BTFSS  03.2
01A6:  GOTO   1B0
01A7:  INCF   78,F
01A8:  BTFSS  03.2
01A9:  GOTO   1B0
01AA:  INCF   77,F
01AB:  BTFSC  03.2
01AC:  GOTO   1BA
01AD:  RRF    78,F
01AE:  RRF    79,F
01AF:  RRF    7A,F
01B0:  MOVF   31,W
01B1:  MOVWF  3C
01B2:  MOVF   35,W
01B3:  XORWF  3C,F
01B4:  BTFSS  3C.7
01B5:  GOTO   1B8
01B6:  BSF    78.7
01B7:  GOTO   1BE
01B8:  BCF    78.7
01B9:  GOTO   1BE
01BA:  CLRF   77
01BB:  CLRF   78
01BC:  CLRF   79
01BD:  CLRF   7A
01BE:  RETURN
01BF:  MOVLW  80
01C0:  BTFSC  03.1
01C1:  XORWF  35,F
01C2:  CLRF   3A
01C3:  CLRF   3B
01C4:  MOVF   31,W
01C5:  MOVWF  39
01C6:  MOVF   35,W
01C7:  XORWF  39,F
01C8:  MOVF   30,W
01C9:  BTFSC  03.2
01CA:  GOTO   2AF
01CB:  MOVWF  38
01CC:  MOVWF  77
01CD:  MOVF   34,W
01CE:  BTFSC  03.2
01CF:  GOTO   2B8
01D0:  SUBWF  38,F
01D1:  BTFSC  03.2
01D2:  GOTO   254
01D3:  BTFSS  03.0
01D4:  GOTO   212
01D5:  MOVF   35,W
01D6:  MOVWF  3E
01D7:  BSF    3E.7
01D8:  MOVF   36,W
01D9:  MOVWF  3D
01DA:  MOVF   37,W
01DB:  MOVWF  3C
01DC:  CLRF   3B
01DD:  BCF    03.0
01DE:  RRF    3E,F
01DF:  RRF    3D,F
01E0:  RRF    3C,F
01E1:  RRF    3B,F
01E2:  DECFSZ 38,F
01E3:  GOTO   1DC
01E4:  BTFSS  39.7
01E5:  GOTO   1E9
01E6:  BSF    3A.0
01E7:  GOTO   2CC
01E8:  BCF    3A.0
01E9:  BCF    38.0
01EA:  BSF    3A.4
01EB:  MOVLW  33
01EC:  MOVWF  04
01ED:  BCF    03.7
01EE:  GOTO   2E1
01EF:  BCF    3A.4
01F0:  BTFSC  39.7
01F1:  GOTO   1FC
01F2:  BTFSS  38.0
01F3:  GOTO   207
01F4:  RRF    3E,F
01F5:  RRF    3D,F
01F6:  RRF    3C,F
01F7:  RRF    3B,F
01F8:  INCF   77,F
01F9:  BTFSC  03.2
01FA:  GOTO   2C7
01FB:  GOTO   207
01FC:  BTFSC  3E.7
01FD:  GOTO   20A
01FE:  BCF    03.0
01FF:  RLF    3B,F
0200:  RLF    3C,F
0201:  RLF    3D,F
0202:  RLF    3E,F
0203:  DECF   77,F
0204:  BTFSC  03.2
0205:  GOTO   2C7
0206:  GOTO   1FC
0207:  BSF    3A.6
0208:  GOTO   274
0209:  BCF    3A.6
020A:  MOVF   31,W
020B:  MOVWF  39
020C:  BTFSS  39.7
020D:  GOTO   210
020E:  BSF    3E.7
020F:  GOTO   2C0
0210:  BCF    3E.7
0211:  GOTO   2C0
0212:  MOVF   34,W
0213:  MOVWF  38
0214:  MOVWF  77
0215:  MOVF   30,W
0216:  SUBWF  38,F
0217:  MOVF   31,W
0218:  MOVWF  3E
0219:  BSF    3E.7
021A:  MOVF   32,W
021B:  MOVWF  3D
021C:  MOVF   33,W
021D:  MOVWF  3C
021E:  CLRF   3B
021F:  BCF    03.0
0220:  RRF    3E,F
0221:  RRF    3D,F
0222:  RRF    3C,F
0223:  RRF    3B,F
0224:  DECFSZ 38,F
0225:  GOTO   21E
0226:  BTFSS  39.7
0227:  GOTO   22B
0228:  BSF    3A.1
0229:  GOTO   2CC
022A:  BCF    3A.1
022B:  BCF    38.0
022C:  BSF    3A.5
022D:  MOVLW  37
022E:  MOVWF  04
022F:  BCF    03.7
0230:  GOTO   2E1
0231:  BCF    3A.5
0232:  BTFSC  39.7
0233:  GOTO   23E
0234:  BTFSS  38.0
0235:  GOTO   249
0236:  RRF    3E,F
0237:  RRF    3D,F
0238:  RRF    3C,F
0239:  RRF    3B,F
023A:  INCF   77,F
023B:  BTFSC  03.2
023C:  GOTO   2C7
023D:  GOTO   249
023E:  BTFSC  3E.7
023F:  GOTO   24C
0240:  BCF    03.0
0241:  RLF    3B,F
0242:  RLF    3C,F
0243:  RLF    3D,F
0244:  RLF    3E,F
0245:  DECF   77,F
0246:  BTFSC  03.2
0247:  GOTO   2C7
0248:  GOTO   23E
0249:  BSF    3A.7
024A:  GOTO   274
024B:  BCF    3A.7
024C:  MOVF   35,W
024D:  MOVWF  39
024E:  BTFSS  39.7
024F:  GOTO   252
0250:  BSF    3E.7
0251:  GOTO   2C0
0252:  BCF    3E.7
0253:  GOTO   2C0
0254:  MOVF   35,W
0255:  MOVWF  3E
0256:  BSF    3E.7
0257:  MOVF   36,W
0258:  MOVWF  3D
0259:  MOVF   37,W
025A:  MOVWF  3C
025B:  BTFSS  39.7
025C:  GOTO   261
025D:  BCF    3E.7
025E:  BSF    3A.2
025F:  GOTO   2CC
0260:  BCF    3A.2
0261:  CLRF   3B
0262:  BCF    38.0
0263:  MOVLW  33
0264:  MOVWF  04
0265:  BCF    03.7
0266:  GOTO   2E1
0267:  BTFSC  39.7
0268:  GOTO   28A
0269:  MOVF   31,W
026A:  MOVWF  39
026B:  BTFSS  38.0
026C:  GOTO   274
026D:  RRF    3E,F
026E:  RRF    3D,F
026F:  RRF    3C,F
0270:  RRF    3B,F
0271:  INCF   77,F
0272:  BTFSC  03.2
0273:  GOTO   2C7
0274:  BTFSS  3B.7
0275:  GOTO   285
0276:  INCF   3C,F
0277:  BTFSS  03.2
0278:  GOTO   285
0279:  INCF   3D,F
027A:  BTFSS  03.2
027B:  GOTO   285
027C:  INCF   3E,F
027D:  BTFSS  03.2
027E:  GOTO   285
027F:  RRF    3E,F
0280:  RRF    3D,F
0281:  RRF    3C,F
0282:  INCF   77,F
0283:  BTFSC  03.2
0284:  GOTO   2C7
0285:  BTFSC  3A.6
0286:  GOTO   209
0287:  BTFSC  3A.7
0288:  GOTO   24B
0289:  GOTO   2A9
028A:  MOVLW  80
028B:  XORWF  3E,F
028C:  BTFSS  3E.7
028D:  GOTO   292
028E:  GOTO   2CC
028F:  MOVF   35,W
0290:  MOVWF  39
0291:  GOTO   29F
0292:  MOVF   31,W
0293:  MOVWF  39
0294:  MOVF   3E,F
0295:  BTFSS  03.2
0296:  GOTO   29F
0297:  MOVF   3D,F
0298:  BTFSS  03.2
0299:  GOTO   29F
029A:  MOVF   3C,F
029B:  BTFSS  03.2
029C:  GOTO   29F
029D:  CLRF   77
029E:  GOTO   2C0
029F:  BTFSC  3E.7
02A0:  GOTO   2A9
02A1:  BCF    03.0
02A2:  RLF    3B,F
02A3:  RLF    3C,F
02A4:  RLF    3D,F
02A5:  RLF    3E,F
02A6:  DECFSZ 77,F
02A7:  GOTO   29F
02A8:  GOTO   2C7
02A9:  BTFSS  39.7
02AA:  GOTO   2AD
02AB:  BSF    3E.7
02AC:  GOTO   2C0
02AD:  BCF    3E.7
02AE:  GOTO   2C0
02AF:  MOVF   34,W
02B0:  MOVWF  77
02B1:  MOVF   35,W
02B2:  MOVWF  3E
02B3:  MOVF   36,W
02B4:  MOVWF  3D
02B5:  MOVF   37,W
02B6:  MOVWF  3C
02B7:  GOTO   2C0
02B8:  MOVF   30,W
02B9:  MOVWF  77
02BA:  MOVF   31,W
02BB:  MOVWF  3E
02BC:  MOVF   32,W
02BD:  MOVWF  3D
02BE:  MOVF   33,W
02BF:  MOVWF  3C
02C0:  MOVF   3E,W
02C1:  MOVWF  78
02C2:  MOVF   3D,W
02C3:  MOVWF  79
02C4:  MOVF   3C,W
02C5:  MOVWF  7A
02C6:  GOTO   2FF
02C7:  CLRF   77
02C8:  CLRF   78
02C9:  CLRF   79
02CA:  CLRF   7A
02CB:  GOTO   2FF
02CC:  CLRF   3B
02CD:  COMF   3C,F
02CE:  COMF   3D,F
02CF:  COMF   3E,F
02D0:  COMF   3B,F
02D1:  INCF   3B,F
02D2:  BTFSS  03.2
02D3:  GOTO   2DA
02D4:  INCF   3C,F
02D5:  BTFSS  03.2
02D6:  GOTO   2DA
02D7:  INCF   3D,F
02D8:  BTFSC  03.2
02D9:  INCF   3E,F
02DA:  BTFSC  3A.0
02DB:  GOTO   1E8
02DC:  BTFSC  3A.1
02DD:  GOTO   22A
02DE:  BTFSC  3A.2
02DF:  GOTO   260
02E0:  GOTO   28F
02E1:  MOVF   00,W
02E2:  ADDWF  3C,F
02E3:  BTFSS  03.0
02E4:  GOTO   2EB
02E5:  INCF   3D,F
02E6:  BTFSS  03.2
02E7:  GOTO   2EB
02E8:  INCF   3E,F
02E9:  BTFSC  03.2
02EA:  BSF    38.0
02EB:  DECF   04,F
02EC:  MOVF   00,W
02ED:  ADDWF  3D,F
02EE:  BTFSS  03.0
02EF:  GOTO   2F3
02F0:  INCF   3E,F
02F1:  BTFSC  03.2
02F2:  BSF    38.0
02F3:  DECF   04,F
02F4:  MOVF   00,W
02F5:  BTFSS  00.7
02F6:  XORLW  80
02F7:  ADDWF  3E,F
02F8:  BTFSC  03.0
02F9:  BSF    38.0
02FA:  BTFSC  3A.4
02FB:  GOTO   1EF
02FC:  BTFSC  3A.5
02FD:  GOTO   231
02FE:  GOTO   267
02FF:  RETURN
*
03E3:  MOVF   0B,W
03E4:  MOVWF  26
03E5:  BCF    0B.7
03E6:  BSF    03.5
03E7:  BSF    03.6
03E8:  BSF    0C.7
03E9:  BSF    0C.0
03EA:  NOP
03EB:  NOP
03EC:  BCF    03.5
03ED:  BCF    03.6
03EE:  BTFSC  26.7
03EF:  BSF    0B.7
03F0:  BTFSC  03.0
03F1:  GOTO   41A
03F2:  BSF    03.6
03F3:  MOVF   0C,W
03F4:  ANDLW  7F
03F5:  BCF    03.6
03F6:  MOVWF  26
03F7:  BSF    03.6
03F8:  MOVF   0D,W
03F9:  BCF    03.6
03FA:  MOVWF  27
03FB:  BSF    03.6
03FC:  MOVF   0F,W
03FD:  BCF    03.6
03FE:  MOVWF  28
03FF:  MOVF   26,W
0400:  MOVWF  32
0401:  CALL   3BA
0402:  MOVF   27,W
0403:  BSF    03.6
0404:  MOVWF  0D
0405:  BCF    03.6
0406:  MOVF   28,W
0407:  BSF    03.6
0408:  MOVWF  0F
0409:  BCF    03.6
040A:  MOVF   0B,W
040B:  MOVWF  29
040C:  BCF    0B.7
040D:  BSF    03.5
040E:  BSF    03.6
040F:  BSF    0C.7
0410:  BSF    0C.0
0411:  NOP
0412:  NOP
0413:  BCF    03.5
0414:  BCF    03.6
0415:  BTFSC  29.7
0416:  BSF    0B.7
0417:  DECFSZ 25,F
0418:  GOTO   41A
0419:  GOTO   439
041A:  BSF    03.6
041B:  RLF    0C,W
041C:  RLF    0E,W
041D:  ANDLW  7F
041E:  BCF    03.6
041F:  MOVWF  26
0420:  BSF    03.6
0421:  MOVF   0D,W
0422:  BCF    03.6
0423:  MOVWF  27
0424:  BSF    03.6
0425:  MOVF   0F,W
0426:  BCF    03.6
0427:  MOVWF  28
0428:  MOVF   26,W
0429:  MOVWF  32
042A:  CALL   3BA
042B:  MOVF   27,W
042C:  BSF    03.6
042D:  MOVWF  0D
042E:  BCF    03.6
042F:  MOVF   28,W
0430:  BSF    03.6
0431:  MOVWF  0F
0432:  INCF   0D,F
0433:  BTFSC  03.2
0434:  INCF   0F,F
0435:  BCF    03.0
0436:  BCF    03.6
0437:  DECFSZ 25,F
0438:  GOTO   3E3
0439:  RETURN
043A:  BTFSC  03.1
043B:  GOTO   43F
043C:  MOVLW  3A
043D:  MOVWF  04
043E:  BCF    03.7
043F:  CLRF   77
0440:  CLRF   78
0441:  CLRF   79
0442:  CLRF   7A
0443:  CLRF   3A
0444:  CLRF   3B
0445:  CLRF   3C
0446:  CLRF   3D
0447:  MOVF   39,W
0448:  IORWF  38,W
0449:  IORWF  37,W
044A:  IORWF  36,W
044B:  BTFSC  03.2
044C:  GOTO   47D
044D:  MOVLW  20
044E:  MOVWF  3E
044F:  BCF    03.0
0450:  RLF    32,F
0451:  RLF    33,F
0452:  RLF    34,F
0453:  RLF    35,F
0454:  RLF    3A,F
0455:  RLF    3B,F
0456:  RLF    3C,F
0457:  RLF    3D,F
0458:  MOVF   39,W
0459:  SUBWF  3D,W
045A:  BTFSS  03.2
045B:  GOTO   466
045C:  MOVF   38,W
045D:  SUBWF  3C,W
045E:  BTFSS  03.2
045F:  GOTO   466
0460:  MOVF   37,W
0461:  SUBWF  3B,W
0462:  BTFSS  03.2
0463:  GOTO   466
0464:  MOVF   36,W
0465:  SUBWF  3A,W
0466:  BTFSS  03.0
0467:  GOTO   477
0468:  MOVF   36,W
0469:  SUBWF  3A,F
046A:  MOVF   37,W
046B:  BTFSS  03.0
046C:  INCFSZ 37,W
046D:  SUBWF  3B,F
046E:  MOVF   38,W
046F:  BTFSS  03.0
0470:  INCFSZ 38,W
0471:  SUBWF  3C,F
0472:  MOVF   39,W
0473:  BTFSS  03.0
0474:  INCFSZ 39,W
0475:  SUBWF  3D,F
0476:  BSF    03.0
0477:  RLF    77,F
0478:  RLF    78,F
0479:  RLF    79,F
047A:  RLF    7A,F
047B:  DECFSZ 3E,F
047C:  GOTO   44F
047D:  MOVF   3A,W
047E:  MOVWF  00
047F:  INCF   04,F
0480:  MOVF   3B,W
0481:  MOVWF  00
0482:  INCF   04,F
0483:  MOVF   3C,W
0484:  MOVWF  00
0485:  INCF   04,F
0486:  MOVF   3D,W
0487:  MOVWF  00
0488:  RETURN
0489:  MOVF   04,W
048A:  MOVWF  2A
048B:  MOVF   29,W
048C:  MOVWF  2C
048D:  BTFSC  03.2
048E:  GOTO   4A8
048F:  MOVF   28,W
0490:  MOVWF  35
0491:  MOVF   27,W
0492:  MOVWF  34
0493:  MOVF   26,W
0494:  MOVWF  33
0495:  MOVF   25,W
0496:  MOVWF  32
0497:  CLRF   39
0498:  CLRF   38
0499:  MOVLW  20
049A:  MOVWF  37
049B:  MOVLW  82
049C:  MOVWF  36
049D:  CALL   080
049E:  MOVF   7A,W
049F:  MOVWF  28
04A0:  MOVF   79,W
04A1:  MOVWF  27
04A2:  MOVF   78,W
04A3:  MOVWF  26
04A4:  MOVF   77,W
04A5:  MOVWF  25
04A6:  DECFSZ 2C,F
04A7:  GOTO   48F
04A8:  MOVF   28,W
04A9:  MOVWF  35
04AA:  MOVF   27,W
04AB:  MOVWF  34
04AC:  MOVF   26,W
04AD:  MOVWF  33
04AE:  MOVF   25,W
04AF:  MOVWF  32
04B0:  MOVF   32,W
04B1:  SUBLW  B6
04B2:  MOVWF  32
04B3:  CLRF   7A
04B4:  MOVF   33,W
04B5:  MOVWF  36
04B6:  BSF    33.7
04B7:  BCF    03.0
04B8:  RRF    33,F
04B9:  RRF    34,F
04BA:  RRF    35,F
04BB:  RRF    7A,F
04BC:  RRF    79,F
04BD:  RRF    78,F
04BE:  RRF    77,F
04BF:  DECFSZ 32,F
04C0:  GOTO   4B7
04C1:  BTFSS  36.7
04C2:  GOTO   4CE
04C3:  COMF   77,F
04C4:  COMF   78,F
04C5:  COMF   79,F
04C6:  COMF   7A,F
04C7:  INCF   77,F
04C8:  BTFSC  03.2
04C9:  INCF   78,F
04CA:  BTFSC  03.2
04CB:  INCF   79,F
04CC:  BTFSC  03.2
04CD:  INCF   7A,F
04CE:  MOVF   7A,W
04CF:  MOVWF  28
04D0:  MOVF   79,W
04D1:  MOVWF  27
04D2:  MOVF   78,W
04D3:  MOVWF  26
04D4:  MOVF   77,W
04D5:  MOVWF  25
04D6:  BTFSS  28.7
04D7:  GOTO   4E5
04D8:  DECF   2A,F
04D9:  BSF    2A.5
04DA:  COMF   25,F
04DB:  COMF   26,F
04DC:  COMF   27,F
04DD:  COMF   28,F
04DE:  INCF   25,F
04DF:  BTFSC  03.2
04E0:  INCF   26,F
04E1:  BTFSC  03.2
04E2:  INCF   27,F
04E3:  BTFSC  03.2
04E4:  INCF   28,F
04E5:  MOVLW  3B
04E6:  MOVWF  31
04E7:  MOVLW  9A
04E8:  MOVWF  30
04E9:  MOVLW  CA
04EA:  MOVWF  2F
04EB:  CLRF   2E
04EC:  MOVLW  0A
04ED:  MOVWF  2C
04EE:  MOVF   29,W
04EF:  BTFSC  03.2
04F0:  INCF   2A,F
04F1:  BSF    03.1
04F2:  MOVLW  25
04F3:  MOVWF  04
04F4:  BCF    03.7
04F5:  MOVF   28,W
04F6:  MOVWF  35
04F7:  MOVF   27,W
04F8:  MOVWF  34
04F9:  MOVF   26,W
04FA:  MOVWF  33
04FB:  MOVF   25,W
04FC:  MOVWF  32
04FD:  MOVF   31,W
04FE:  MOVWF  39
04FF:  MOVF   30,W
0500:  MOVWF  38
0501:  MOVF   2F,W
0502:  MOVWF  37
0503:  MOVF   2E,W
0504:  MOVWF  36
0505:  CALL   43A
0506:  MOVF   78,W
0507:  MOVF   77,F
0508:  BTFSS  03.2
0509:  GOTO   51D
050A:  INCF   29,W
050B:  SUBWF  2C,W
050C:  BTFSC  03.2
050D:  GOTO   51D
050E:  MOVF   2A,W
050F:  BTFSC  03.2
0510:  GOTO   51F
0511:  ANDLW  0F
0512:  SUBWF  2C,W
0513:  BTFSC  03.2
0514:  GOTO   517
0515:  BTFSC  03.0
0516:  GOTO   54F
0517:  BTFSC  2A.7
0518:  GOTO   54F
0519:  BTFSC  2A.6
051A:  GOTO   51F
051B:  MOVLW  20
051C:  GOTO   54B
051D:  MOVLW  20
051E:  ANDWF  2A,F
051F:  BTFSS  2A.5
0520:  GOTO   52D
0521:  BCF    2A.5
0522:  MOVF   29,W
0523:  BTFSS  03.2
0524:  DECF   2A,F
0525:  MOVF   77,W
0526:  MOVWF  2A
0527:  MOVLW  2D
0528:  MOVWF  32
0529:  CALL   3BA
052A:  MOVF   2A,W
052B:  MOVWF  77
052C:  CLRF   2A
052D:  MOVF   29,W
052E:  SUBWF  2C,W
052F:  BTFSS  03.2
0530:  GOTO   53B
0531:  MOVF   77,W
0532:  MOVWF  2A
0533:  MOVLW  2E
0534:  MOVWF  32
0535:  CALL   3BA
0536:  MOVF   2A,W
0537:  MOVWF  77
0538:  MOVLW  20
0539:  ANDWF  2A,F
053A:  MOVLW  00
053B:  MOVLW  30
053C:  BTFSS  2A.5
053D:  GOTO   54B
053E:  BCF    2A.5
053F:  MOVF   29,W
0540:  BTFSS  03.2
0541:  DECF   2A,F
0542:  MOVF   77,W
0543:  MOVWF  2A
0544:  MOVLW  2D
0545:  MOVWF  32
0546:  CALL   3BA
0547:  MOVF   2A,W
0548:  MOVWF  77
0549:  CLRF   2A
054A:  MOVLW  30
054B:  ADDWF  77,F
054C:  MOVF   77,W
054D:  MOVWF  32
054E:  CALL   3BA
054F:  BCF    03.1
0550:  MOVF   31,W
0551:  MOVWF  35
0552:  MOVF   30,W
0553:  MOVWF  34
0554:  MOVF   2F,W
0555:  MOVWF  33
0556:  MOVF   2E,W
0557:  MOVWF  32
0558:  CLRF   39
0559:  CLRF   38
055A:  CLRF   37
055B:  MOVLW  0A
055C:  MOVWF  36
055D:  CALL   43A
055E:  MOVF   7A,W
055F:  MOVWF  31
0560:  MOVF   79,W
0561:  MOVWF  30
0562:  MOVF   78,W
0563:  MOVWF  2F
0564:  MOVF   77,W
0565:  MOVWF  2E
0566:  DECFSZ 2C,F
0567:  GOTO   4F1
0568:  RETURN
....................  
.................... #list 
....................  
.................... #device ICD=true 
.................... #device ADC=10 
....................   
.................... #FUSES NOBROWNOUT               //No brownout reset 
.................... #FUSES NOLVP                    //No low voltage prgming, B3(PIC16) or B5(PIC18) used for I/O 
....................   
.................... #use delay(internal=8000000,clock_out) 
*
05F6:  MOVLW  21
05F7:  MOVWF  04
05F8:  BCF    03.7
05F9:  MOVF   00,W
05FA:  BTFSC  03.2
05FB:  GOTO   609
05FC:  MOVLW  02
05FD:  MOVWF  78
05FE:  CLRF   77
05FF:  DECFSZ 77,F
0600:  GOTO   5FF
0601:  DECFSZ 78,F
0602:  GOTO   5FE
0603:  MOVLW  97
0604:  MOVWF  77
0605:  DECFSZ 77,F
0606:  GOTO   605
0607:  DECFSZ 00,F
0608:  GOTO   5FC
0609:  BCF    0A.3
060A:  BCF    0A.4
060B:  GOTO   674 (RETURN)
....................   
.................... //#use rs232( baud=9600, parity=N, xmit=PIN_C6, rcv=PIN_C7, bits=8, ERRORS) 
....................   
.................... #use RS232 (DEBUGGER) 
*
03BA:  BSF    03.5
03BB:  BCF    06.3
03BC:  BCF    03.5
03BD:  BCF    06.3
03BE:  MOVLW  08
03BF:  MOVWF  78
03C0:  GOTO   3C1
03C1:  NOP
03C2:  BSF    78.7
03C3:  GOTO   3D2
03C4:  BCF    78.7
03C5:  RRF    32,F
03C6:  BTFSC  03.0
03C7:  BSF    06.3
03C8:  BTFSS  03.0
03C9:  BCF    06.3
03CA:  BSF    78.6
03CB:  GOTO   3D2
03CC:  BCF    78.6
03CD:  DECFSZ 78,F
03CE:  GOTO   3C5
03CF:  GOTO   3D0
03D0:  NOP
03D1:  BSF    06.3
03D2:  MOVLW  01
03D3:  MOVWF  77
03D4:  CLRF   04
03D5:  DECFSZ 04,F
03D6:  GOTO   3D5
03D7:  DECFSZ 77,F
03D8:  GOTO   3D4
03D9:  MOVLW  0E
03DA:  MOVWF  04
03DB:  DECFSZ 04,F
03DC:  GOTO   3DB
03DD:  NOP
03DE:  BTFSC  78.7
03DF:  GOTO   3C4
03E0:  BTFSC  78.6
03E1:  GOTO   3CC
03E2:  RETURN
....................   
.................... #use  I2C(master, sda=PIN_C4, scl= PIN_C3) 
....................  
....................  
....................  
.................... #define CHANNEL_LONG_RANGE  4 
.................... #define CHANNEL_SHORT_RANGE 6 
....................  
.................... unsigned int16 readInternalAdc(unsigned int8 channel) 
.................... { 
....................   set_adc_channel(channel); 
*
003F:  RLF    2C,W
0040:  MOVWF  77
0041:  RLF    77,F
0042:  MOVLW  FC
0043:  ANDWF  77,F
0044:  MOVF   1F,W
0045:  ANDLW  C3
0046:  IORWF  77,W
0047:  MOVWF  1F
....................   delay_us(20); 
0048:  MOVLW  0C
0049:  MOVWF  77
004A:  DECFSZ 77,F
004B:  GOTO   04A
004C:  GOTO   04D
004D:  NOP
....................  
....................   read_adc(ADC_START_ONLY); // start the ADC for conversion 
004E:  BSF    1F.1
....................    
....................   int1 done = adc_done();   // Poll on ADC result 
004F:  BCF    2D.0
0050:  BTFSS  1F.1
0051:  BSF    2D.0
....................   while(!done)  
0052:  BTFSC  2D.0
0053:  GOTO   058
....................   { 
....................     // wait until measurement is ready 
....................     done = adc_done(); 
0054:  BCF    2D.0
0055:  BTFSS  1F.1
0056:  BSF    2D.0
0057:  GOTO   052
....................   } 
....................    
....................   // read conversion result 
....................   return((int16)read_adc(ADC_READ_ONLY)); 
0058:  BTFSC  1F.1
0059:  GOTO   058
005A:  MOVF   1E,W
005B:  MOVWF  7A
005C:  BSF    03.5
005D:  MOVF   1E,W
005E:  MOVWF  78
005F:  MOVF   7A,W
0060:  MOVWF  79
0061:  BCF    03.5
0062:  RETURN
.................... } 
....................  
.................... //unsigned int16 readLongRangeSensor() 
.................... float readLongRangeSensor() 
*
0300:  CLRF   2A
0301:  CLRF   29
0302:  CLRF   28
0303:  CLRF   27
.................... { 
....................   unsigned int16 iSensorRead; 
....................   float fSensorRead; 
....................   float fCumulativeMeasurement = 0.0f; 
....................    
....................   for(int i = 0; i <5; i++) 
0304:  CLRF   2B
0305:  MOVF   2B,W
0306:  SUBLW  04
0307:  BTFSS  03.0
0308:  GOTO   3A8
....................   { 
....................      iSensorRead = readInternalAdc(CHANNEL_LONG_RANGE); 
0309:  MOVLW  04
030A:  MOVWF  2C
030B:  CALL   03F
030C:  MOVF   79,W
030D:  MOVWF  22
030E:  MOVF   78,W
030F:  MOVWF  21
....................    
....................      if(iSensorRead >= 1000) 
0310:  MOVF   22,W
0311:  SUBLW  02
0312:  BTFSC  03.0
0313:  GOTO   320
0314:  XORLW  FF
0315:  BTFSS  03.2
0316:  GOTO   31B
0317:  MOVF   21,W
0318:  SUBLW  E7
0319:  BTFSC  03.0
031A:  GOTO   320
....................      { 
....................       fSensorRead = 0; 
031B:  CLRF   26
031C:  CLRF   25
031D:  CLRF   24
031E:  CLRF   23
....................       } 
031F:  GOTO   38C
....................       else 
....................      { 
....................          if(iSensorRead <= 573 ) 
0320:  MOVF   22,W
0321:  SUBLW  02
0322:  BTFSS  03.0
0323:  GOTO   331
0324:  BTFSS  03.2
0325:  GOTO   32A
0326:  MOVF   21,W
0327:  SUBLW  3D
0328:  BTFSS  03.0
0329:  GOTO   331
....................          { 
....................             fSensorRead = 500; 
032A:  CLRF   26
032B:  CLRF   25
032C:  MOVLW  7A
032D:  MOVWF  24
032E:  MOVLW  87
032F:  MOVWF  23
....................          } 
0330:  GOTO   38C
....................          else 
....................          { 
....................          fSensorRead = 122f / (( 2.5f * ((float) iSensorRead) ) / 1024f - 1.28f); 
0331:  MOVF   22,W
0332:  MOVWF  2D
0333:  MOVF   21,W
0334:  MOVWF  2C
0335:  CALL   063
0336:  CLRF   35
0337:  CLRF   34
0338:  MOVLW  20
0339:  MOVWF  33
033A:  MOVLW  80
033B:  MOVWF  32
033C:  MOVF   7A,W
033D:  MOVWF  39
033E:  MOVF   79,W
033F:  MOVWF  38
0340:  MOVF   78,W
0341:  MOVWF  37
0342:  MOVF   77,W
0343:  MOVWF  36
0344:  CALL   080
0345:  MOVF   7A,W
0346:  MOVWF  2F
0347:  MOVF   79,W
0348:  MOVWF  2E
0349:  MOVF   78,W
034A:  MOVWF  2D
034B:  MOVF   77,W
034C:  MOVWF  2C
034D:  MOVF   7A,W
034E:  MOVWF  33
034F:  MOVF   79,W
0350:  MOVWF  32
0351:  MOVF   78,W
0352:  MOVWF  31
0353:  MOVF   77,W
0354:  MOVWF  30
0355:  CLRF   37
0356:  CLRF   36
0357:  CLRF   35
0358:  MOVLW  89
0359:  MOVWF  34
035A:  CALL   0F5
035B:  MOVF   7A,W
035C:  MOVWF  2F
035D:  MOVF   79,W
035E:  MOVWF  2E
035F:  MOVF   78,W
0360:  MOVWF  2D
0361:  MOVF   77,W
0362:  MOVWF  2C
0363:  BSF    03.1
0364:  MOVF   7A,W
0365:  MOVWF  33
0366:  MOVF   79,W
0367:  MOVWF  32
0368:  MOVF   78,W
0369:  MOVWF  31
036A:  MOVF   77,W
036B:  MOVWF  30
036C:  MOVLW  0A
036D:  MOVWF  37
036E:  MOVLW  D7
036F:  MOVWF  36
0370:  MOVLW  23
0371:  MOVWF  35
0372:  MOVLW  7F
0373:  MOVWF  34
0374:  CALL   1BF
0375:  CLRF   33
0376:  CLRF   32
0377:  MOVLW  74
0378:  MOVWF  31
0379:  MOVLW  85
037A:  MOVWF  30
037B:  MOVF   7A,W
037C:  MOVWF  37
037D:  MOVF   79,W
037E:  MOVWF  36
037F:  MOVF   78,W
0380:  MOVWF  35
0381:  MOVF   77,W
0382:  MOVWF  34
0383:  CALL   0F5
0384:  MOVF   7A,W
0385:  MOVWF  26
0386:  MOVF   79,W
0387:  MOVWF  25
0388:  MOVF   78,W
0389:  MOVWF  24
038A:  MOVF   77,W
038B:  MOVWF  23
....................    //      printf("iSensorRead: %Lu \t in volt: %f \t\t", iSensorRead, (iSensorRead * 2.5f) / 1024f ); 
....................        } 
....................      } 
....................       
....................      fCumulativeMeasurement += fSensorRead;  
038C:  BCF    03.1
038D:  MOVF   2A,W
038E:  MOVWF  33
038F:  MOVF   29,W
0390:  MOVWF  32
0391:  MOVF   28,W
0392:  MOVWF  31
0393:  MOVF   27,W
0394:  MOVWF  30
0395:  MOVF   26,W
0396:  MOVWF  37
0397:  MOVF   25,W
0398:  MOVWF  36
0399:  MOVF   24,W
039A:  MOVWF  35
039B:  MOVF   23,W
039C:  MOVWF  34
039D:  CALL   1BF
039E:  MOVF   7A,W
039F:  MOVWF  2A
03A0:  MOVF   79,W
03A1:  MOVWF  29
03A2:  MOVF   78,W
03A3:  MOVWF  28
03A4:  MOVF   77,W
03A5:  MOVWF  27
03A6:  INCF   2B,F
03A7:  GOTO   305
....................    } 
....................    
....................    return (fCumulativeMeasurement/5.0); 
03A8:  MOVF   2A,W
03A9:  MOVWF  33
03AA:  MOVF   29,W
03AB:  MOVWF  32
03AC:  MOVF   28,W
03AD:  MOVWF  31
03AE:  MOVF   27,W
03AF:  MOVWF  30
03B0:  CLRF   37
03B1:  CLRF   36
03B2:  MOVLW  20
03B3:  MOVWF  35
03B4:  MOVLW  81
03B5:  MOVWF  34
03B6:  CALL   0F5
03B7:  BCF    0A.3
03B8:  BCF    0A.4
03B9:  GOTO   62C (RETURN)
.................... } 
....................  
.................... float readShortRangeSensor() 
.................... { 
....................   unsigned int16 iSensorRead; 
....................   float fSensorRead; 
....................   iSensorRead = readInternalAdc(CHANNEL_SHORT_RANGE); 
*
0569:  MOVLW  06
056A:  MOVWF  2C
056B:  CALL   03F
056C:  MOVF   79,W
056D:  MOVWF  22
056E:  MOVF   78,W
056F:  MOVWF  21
....................    // measurement below 30cm 
....................      if(iSensorRead >= 819 )  
0570:  MOVF   22,W
0571:  SUBLW  02
0572:  BTFSC  03.0
0573:  GOTO   582
0574:  XORLW  FF
0575:  BTFSS  03.2
0576:  GOTO   57B
0577:  MOVF   21,W
0578:  SUBLW  32
0579:  BTFSC  03.0
057A:  GOTO   582
....................       fSensorRead = 30; 
057B:  CLRF   26
057C:  CLRF   25
057D:  MOVLW  70
057E:  MOVWF  24
057F:  MOVLW  83
0580:  MOVWF  23
0581:  GOTO   5EB
....................    else  
....................    { 
....................       // measurement above 150 
....................       if( iSensorRead <= 204 ) 
0582:  MOVF   22,F
0583:  BTFSS  03.2
0584:  GOTO   590
0585:  MOVF   21,W
0586:  SUBLW  CC
0587:  BTFSS  03.0
0588:  GOTO   590
....................          fSensorRead = 150; 
0589:  CLRF   26
058A:  CLRF   25
058B:  MOVLW  16
058C:  MOVWF  24
058D:  MOVLW  86
058E:  MOVWF  23
058F:  GOTO   5EB
....................       else 
....................          fSensorRead = 50f / (( 2.5f * ((float) iSensorRead) ) / 1024f - 0.1f);  
0590:  MOVF   22,W
0591:  MOVWF  2D
0592:  MOVF   21,W
0593:  MOVWF  2C
0594:  CALL   063
0595:  CLRF   35
0596:  CLRF   34
0597:  MOVLW  20
0598:  MOVWF  33
0599:  MOVLW  80
059A:  MOVWF  32
059B:  MOVF   7A,W
059C:  MOVWF  39
059D:  MOVF   79,W
059E:  MOVWF  38
059F:  MOVF   78,W
05A0:  MOVWF  37
05A1:  MOVF   77,W
05A2:  MOVWF  36
05A3:  CALL   080
05A4:  MOVF   7A,W
05A5:  MOVWF  2A
05A6:  MOVF   79,W
05A7:  MOVWF  29
05A8:  MOVF   78,W
05A9:  MOVWF  28
05AA:  MOVF   77,W
05AB:  MOVWF  27
05AC:  MOVF   7A,W
05AD:  MOVWF  33
05AE:  MOVF   79,W
05AF:  MOVWF  32
05B0:  MOVF   78,W
05B1:  MOVWF  31
05B2:  MOVF   77,W
05B3:  MOVWF  30
05B4:  CLRF   37
05B5:  CLRF   36
05B6:  CLRF   35
05B7:  MOVLW  89
05B8:  MOVWF  34
05B9:  CALL   0F5
05BA:  MOVF   7A,W
05BB:  MOVWF  2A
05BC:  MOVF   79,W
05BD:  MOVWF  29
05BE:  MOVF   78,W
05BF:  MOVWF  28
05C0:  MOVF   77,W
05C1:  MOVWF  27
05C2:  BSF    03.1
05C3:  MOVF   7A,W
05C4:  MOVWF  33
05C5:  MOVF   79,W
05C6:  MOVWF  32
05C7:  MOVF   78,W
05C8:  MOVWF  31
05C9:  MOVF   77,W
05CA:  MOVWF  30
05CB:  MOVLW  CD
05CC:  MOVWF  37
05CD:  MOVLW  CC
05CE:  MOVWF  36
05CF:  MOVLW  4C
05D0:  MOVWF  35
05D1:  MOVLW  7B
05D2:  MOVWF  34
05D3:  CALL   1BF
05D4:  CLRF   33
05D5:  CLRF   32
05D6:  MOVLW  48
05D7:  MOVWF  31
05D8:  MOVLW  84
05D9:  MOVWF  30
05DA:  MOVF   7A,W
05DB:  MOVWF  37
05DC:  MOVF   79,W
05DD:  MOVWF  36
05DE:  MOVF   78,W
05DF:  MOVWF  35
05E0:  MOVF   77,W
05E1:  MOVWF  34
05E2:  CALL   0F5
05E3:  MOVF   7A,W
05E4:  MOVWF  26
05E5:  MOVF   79,W
05E6:  MOVWF  25
05E7:  MOVF   78,W
05E8:  MOVWF  24
05E9:  MOVF   77,W
05EA:  MOVWF  23
....................    } 
....................     
....................   return fSensorRead; 
05EB:  MOVF   23,W
05EC:  MOVWF  77
05ED:  MOVF   24,W
05EE:  MOVWF  78
05EF:  MOVF   25,W
05F0:  MOVWF  79
05F1:  MOVF   26,W
05F2:  MOVWF  7A
05F3:  BCF    0A.3
05F4:  BCF    0A.4
05F5:  GOTO   64F (RETURN)
.................... } 
....................  
.................... void init() 
.................... { 
....................   setup_oscillator(OSC_8MHZ,2); 
*
001A:  MOVLW  71
001B:  BSF    03.5
001C:  MOVWF  0F
001D:  MOVLW  02
001E:  MOVWF  10
001F:  MOVF   0F,W
....................   
....................   /* Setup the  ADC to 2.5V */ 
....................   //setup_vref(VREF_LOW | 0x0C); 
....................    setup_vref(0xEC); 
0020:  MOVLW  EC
0021:  MOVWF  17
....................   setup_adc(ADC_CLOCK_DIV_32); 
0022:  BCF    03.5
0023:  BCF    1F.6
0024:  BSF    1F.7
0025:  BSF    03.5
0026:  BSF    1F.7
0027:  BCF    03.5
0028:  BSF    1F.0
....................   setup_adc_ports (sAN4 | sAN6 | VSS_VREF); 
0029:  BSF    03.5
002A:  BSF    03.6
002B:  MOVF   09,W
002C:  ANDLW  C0
002D:  MOVWF  09
002E:  BCF    03.6
002F:  BSF    1F.4
0030:  BCF    1F.5
0031:  MOVLW  50
0032:  BSF    03.6
0033:  MOVWF  08
....................     
....................   /* Initially start with channel 6 */ 
....................   set_adc_channel(6); 
0034:  MOVLW  18
0035:  MOVWF  78
0036:  BCF    03.5
0037:  BCF    03.6
0038:  MOVF   1F,W
0039:  ANDLW  C3
003A:  IORWF  78,W
003B:  MOVWF  1F
003C:  BCF    0A.3
003D:  BCF    0A.4
003E:  GOTO   62B (RETURN)
.................... } 
....................  
....................  
.................... void main() 
*
060C:  MOVF   03,W
060D:  ANDLW  1F
060E:  MOVWF  03
060F:  MOVLW  71
0610:  BSF    03.5
0611:  MOVWF  0F
0612:  CLRF   10
0613:  MOVF   0F,W
0614:  BCF    06.3
0615:  BCF    03.5
0616:  BSF    06.3
0617:  MOVLW  FF
0618:  MOVWF  20
0619:  BSF    03.5
061A:  BSF    03.6
061B:  MOVF   09,W
061C:  ANDLW  C0
061D:  MOVWF  09
061E:  BCF    03.6
061F:  BCF    1F.4
0620:  BCF    1F.5
0621:  MOVLW  00
0622:  BSF    03.6
0623:  MOVWF  08
0624:  BCF    03.5
0625:  CLRF   07
0626:  CLRF   08
0627:  CLRF   09
0628:  BCF    03.7
.................... { 
....................   init(); 
0629:  BCF    03.6
062A:  GOTO   01A
....................  
....................   while(1) 
....................   { 
....................    printf("Long range read: %f\t", readLongRangeSensor()); 
062B:  GOTO   300
062C:  MOVF   7A,W
062D:  MOVWF  24
062E:  MOVF   79,W
062F:  MOVWF  23
0630:  MOVF   78,W
0631:  MOVWF  22
0632:  MOVF   77,W
0633:  MOVWF  21
0634:  MOVLW  04
0635:  BSF    03.6
0636:  MOVWF  0D
0637:  MOVLW  00
0638:  MOVWF  0F
0639:  BCF    03.0
063A:  MOVLW  11
063B:  BCF    03.6
063C:  MOVWF  25
063D:  CALL   3E3
063E:  MOVLW  89
063F:  MOVWF  04
0640:  MOVF   24,W
0641:  MOVWF  28
0642:  MOVF   23,W
0643:  MOVWF  27
0644:  MOVF   22,W
0645:  MOVWF  26
0646:  MOVF   21,W
0647:  MOVWF  25
0648:  MOVLW  02
0649:  MOVWF  29
064A:  CALL   489
064B:  MOVLW  09
064C:  MOVWF  32
064D:  CALL   3BA
....................    printf("Short range read: %f\n", readShortRangeSensor());     
064E:  GOTO   569
064F:  MOVF   7A,W
0650:  MOVWF  24
0651:  MOVF   79,W
0652:  MOVWF  23
0653:  MOVF   78,W
0654:  MOVWF  22
0655:  MOVF   77,W
0656:  MOVWF  21
0657:  MOVLW  0F
0658:  BSF    03.6
0659:  MOVWF  0D
065A:  MOVLW  00
065B:  MOVWF  0F
065C:  BCF    03.0
065D:  MOVLW  12
065E:  BCF    03.6
065F:  MOVWF  25
0660:  CALL   3E3
0661:  MOVLW  89
0662:  MOVWF  04
0663:  MOVF   24,W
0664:  MOVWF  28
0665:  MOVF   23,W
0666:  MOVWF  27
0667:  MOVF   22,W
0668:  MOVWF  26
0669:  MOVF   21,W
066A:  MOVWF  25
066B:  MOVLW  02
066C:  MOVWF  29
066D:  CALL   489
066E:  MOVLW  0A
066F:  MOVWF  32
0670:  CALL   3BA
....................      
.................... //    printf("Short range read: %lu\n\n", readShortRangeSensor()); 
....................     delay_ms(20); 
0671:  MOVLW  14
0672:  MOVWF  21
0673:  GOTO   5F6
0674:  GOTO   62B
....................   } 
.................... } 
0675:  GOTO   675

Configuration Fuses:
   Word  1: 0CF5   INTRC NOWDT NOPUT MCLR NOPROTECT NOCPD NOBROWNOUT IESO FCMEN NOLVP DEBUG
   Word  2: 3FFF   BORV40 NOWRT

   Some fuses have been forced to be compatible with the ICD debugger.
